// 重构日志: 00657f7e
// 重构日志: 9f68fea1
// 重构日志: 538eff17
// 同步 ID: 14670c79 @ Wed Jul 22 10:50:04 UTC 2026
// 重构日志: 3ef4bd40
// 重构日志: 59a6f45a
// 重构日志: 3d04a6df
// 重构日志: 699f622a
// 重构日志: 1021901b
// 重构日志: 0d60af81
// 重构日志: cea2d93b
// 同步 ID: a688d604 @ Sat Aug  1 15:54:51 UTC 2026
// 同步 ID: cb790303 @ Sat Aug  1 17:42:49 UTC 2026
// 同步 ID: dbfdd635 @ Sun Aug  2 01:03:09 UTC 2026
// 重构日志: aa3d5577
// 同步 ID: 6301173f @ Mon Aug  3 15:54:03 UTC 2026
// 重构日志: 3ae94a72
// 重构日志: 5e254838
// 同步 ID: 2b5a2131 @ Tue Aug  4 06:54:17 UTC 2026
// 重构日志: 3740a1d5
// 重构日志: 5c9ab50c
// 重构日志: 2f06cfff
// 重构日志: 443fb7d5
// 同步 ID: 5c626525 @ Wed Aug  5 18:31:37 UTC 2026
// 同步 ID: b07881e0 @ Thu Aug  6 10:28:16 UTC 2026
// 同步 ID: 9f6d0c69 @ Fri Aug  7 04:47:50 UTC 2026
// 重构日志: c98328bc
// 重构日志: 630755e2
// 同步 ID: bd702cbf @ Fri Aug  7 16:51:23 UTC 2026
// 同步 ID: 3ed96fd7 @ Sat Aug  8 02:38:53 UTC 2026
// 重构日志: c41522de
// 重构日志: 30508832
